TestRunStartedEvent(testCount=36)
TestStarted(id=TestIdentifier(className=com.example.AbstractFailingTest, testName=testAlwaysFailing))
TestFailed(id=TestIdentifier(className=com.example.AbstractFailingTest, testName=testAlwaysFailing), stackTrace=java.lang.AssertionError
	at org.junit.Assert.fail(Assert.java:86)
	at org.junit.Assert.assertTrue(Assert.java:41)
	at org.junit.Assert.assertTrue(Assert.java:52)
	at com.example.AbstractFailingTest.testAlwaysFailing(AbstractFailingTest.kt:22)
	at java.lang.reflect.Method.invoke(Native Method)
	at org.junit.runners.model.FrameworkMethod$1.runReflectiveCall(FrameworkMethod.java:50)
	at org.junit.internal.runners.model.ReflectiveCallable.run(ReflectiveCallable.java:12)
	at org.junit.runners.model.FrameworkMethod.invokeExplosively(FrameworkMethod.java:47)
	at org.junit.internal.runners.statements.InvokeMethod.evaluate(InvokeMethod.java:17)
	at android.support.test.rule.ActivityTestRule$ActivityStatement.evaluate(ActivityTestRule.java:433)
	at org.junit.rules.RunRules.evaluate(RunRules.java:20)
	at org.junit.runners.ParentRunner.runLeaf(ParentRunner.java:325)
	at org.junit.runners.BlockJUnit4ClassRunner.runChild(BlockJUnit4ClassRunner.java:78)
	at org.junit.runners.BlockJUnit4ClassRunner.runChild(BlockJUnit4ClassRunner.java:57)
	at org.junit.runners.ParentRunner$3.run(ParentRunner.java:290)
	at org.junit.runners.ParentRunner$1.schedule(ParentRunner.java:71)
	at org.junit.runners.ParentRunner.runChildren(ParentRunner.java:288)
	at org.junit.runners.ParentRunner.access$000(ParentRunner.java:58)
	at org.junit.runners.ParentRunner$2.evaluate(ParentRunner.java:268)
	at org.junit.runners.ParentRunner.run(ParentRunner.java:363)
	at org.junit.runners.Suite.runChild(Suite.java:128)
	at org.junit.runners.Suite.runChild(Suite.java:27)
	at org.junit.runners.ParentRunner$3.run(ParentRunner.java:290)
	at org.junit.runners.ParentRunner$1.schedule(ParentRunner.java:71)
	at org.junit.runners.ParentRunner.runChildren(ParentRunner.java:288)
	at org.junit.runners.ParentRunner.access$000(ParentRunner.java:58)
	at org.junit.runners.ParentRunner$2.evaluate(ParentRunner.java:268)
	at org.junit.runners.ParentRunner.run(ParentRunner.java:363)
	at org.junit.runner.JUnitCore.run(JUnitCore.java:137)
	at org.junit.runner.JUnitCore.run(JUnitCore.java:115)
	at android.support.test.internal.runner.TestExecutor.execute(TestExecutor.java:58)
	at android.support.test.runner.AndroidJUnitRunner.onStart(AndroidJUnitRunner.java:375)
	at android.app.Instrumentation$InstrumentationThread.run(Instrumentation.java:1932))
TestEnded(id=TestIdentifier(className=com.example.AbstractFailingTest, testName=testAlwaysFailing), metrics={})
TestStarted(id=TestIdentifier(className=com.example.ClassIgnoredTest, testName=null))
TestStarted(id=TestIdentifier(className=com.example.ClassIgnoredTest, testName=null))
TestIgnored(id=TestIdentifier(className=com.example.ClassIgnoredTest, testName=null))
TestEnded(id=TestIdentifier(className=com.example.ClassIgnoredTest, testName=null), metrics={})
TestStarted(id=TestIdentifier(className=com.example.FailedAssumptionTest, testName=ignoreTest))
TestStarted(id=TestIdentifier(className=com.example.FailedAssumptionTest, testName=ignoreTest))
TestIgnored(id=TestIdentifier(className=com.example.FailedAssumptionTest, testName=ignoreTest))
TestEnded(id=TestIdentifier(className=com.example.FailedAssumptionTest, testName=ignoreTest), metrics={})
TestStarted(id=TestIdentifier(className=com.example.FailedAssumptionTest, testName=failedAssumptionTest))
TestAssumptionFailed(id=TestIdentifier(className=com.example.FailedAssumptionTest, testName=failedAssumptionTest), stackTrace=org.junit.AssumptionViolatedException: got: <false>, expected: is <true>
	at org.junit.Assume.assumeThat(Assume.java:95)
	at org.junit.Assume.assumeTrue(Assume.java:41)
	at com.example.FailedAssumptionTest.failedAssumptionTest(FailedAssumptionTest.kt:25)
	at java.lang.reflect.Method.invoke(Native Method)
	at org.junit.runners.model.FrameworkMethod$1.runReflectiveCall(FrameworkMethod.java:50)
	at org.junit.internal.runners.model.ReflectiveCallable.run(ReflectiveCallable.java:12)
	at org.junit.runners.model.FrameworkMethod.invokeExplosively(FrameworkMethod.java:47)
	at org.junit.internal.runners.statements.InvokeMethod.evaluate(InvokeMethod.java:17)
	at org.junit.runners.ParentRunner.runLeaf(ParentRunner.java:325)
	at org.junit.runners.BlockJUnit4ClassRunner.runChild(BlockJUnit4ClassRunner.java:78)
	at org.junit.runners.BlockJUnit4ClassRunner.runChild(BlockJUnit4ClassRunner.java:57)
	at org.junit.runners.ParentRunner$3.run(ParentRunner.java:290)
	at org.junit.runners.ParentRunner$1.schedule(ParentRunner.java:71)
	at org.junit.runners.ParentRunner.runChildren(ParentRunner.java:288)
	at org.junit.runners.ParentRunner.access$000(ParentRunner.java:58)
	at org.junit.runners.ParentRunner$2.evaluate(ParentRunner.java:268)
	at org.junit.runners.ParentRunner.run(ParentRunner.java:363)
	at org.junit.runners.Suite.runChild(Suite.java:128)
	at org.junit.runners.Suite.runChild(Suite.java:27)
	at org.junit.runners.ParentRunner$3.run(ParentRunner.java:290)
	at org.junit.runners.ParentRunner$1.schedule(ParentRunner.java:71)
	at org.junit.runners.ParentRunner.runChildren(ParentRunner.java:288)
	at org.junit.runners.ParentRunner.access$000(ParentRunner.java:58)
	at org.junit.runners.ParentRunner$2.evaluate(ParentRunner.java:268)
	at org.junit.runners.ParentRunner.run(ParentRunner.java:363)
	at org.junit.runner.JUnitCore.run(JUnitCore.java:137)
	at org.junit.runner.JUnitCore.run(JUnitCore.java:115)
	at android.support.test.internal.runner.TestExecutor.execute(TestExecutor.java:58)
	at android.support.test.runner.AndroidJUnitRunner.onStart(AndroidJUnitRunner.java:375)
	at android.app.Instrumentation$InstrumentationThread.run(Instrumentation.java:1932))
TestEnded(id=TestIdentifier(className=com.example.FailedAssumptionTest, testName=failedAssumptionTest), metrics={})
TestStarted(id=TestIdentifier(className=com.example.MainActivityFlakyTest, testName=testTextFlaky))
TestFailed(id=TestIdentifier(className=com.example.MainActivityFlakyTest, testName=testTextFlaky), stackTrace=java.lang.AssertionError
	at org.junit.Assert.fail(Assert.java:86)
	at org.junit.Assert.assertTrue(Assert.java:41)
	at org.junit.Assert.assertTrue(Assert.java:52)
	at com.example.MainActivityFlakyTest.testTextFlaky(MainActivityFlakyTest.kt:33)
	at java.lang.reflect.Method.invoke(Native Method)
	at org.junit.runners.model.FrameworkMethod$1.runReflectiveCall(FrameworkMethod.java:50)
	at org.junit.internal.runners.model.ReflectiveCallable.run(ReflectiveCallable.java:12)
	at org.junit.runners.model.FrameworkMethod.invokeExplosively(FrameworkMethod.java:47)
	at org.junit.internal.runners.statements.InvokeMethod.evaluate(InvokeMethod.java:17)
	at android.support.test.rule.ActivityTestRule$ActivityStatement.evaluate(ActivityTestRule.java:433)
	at org.junit.rules.RunRules.evaluate(RunRules.java:20)
	at org.junit.runners.ParentRunner.runLeaf(ParentRunner.java:325)
	at org.junit.runners.BlockJUnit4ClassRunner.runChild(BlockJUnit4ClassRunner.java:78)
	at org.junit.runners.BlockJUnit4ClassRunner.runChild(BlockJUnit4ClassRunner.java:57)
	at org.junit.runners.ParentRunner$3.run(ParentRunner.java:290)
	at org.junit.runners.ParentRunner$1.schedule(ParentRunner.java:71)
	at org.junit.runners.ParentRunner.runChildren(ParentRunner.java:288)
	at org.junit.runners.ParentRunner.access$000(ParentRunner.java:58)
	at org.junit.runners.ParentRunner$2.evaluate(ParentRunner.java:268)
	at org.junit.runners.ParentRunner.run(ParentRunner.java:363)
	at org.junit.runners.Suite.runChild(Suite.java:128)
	at org.junit.runners.Suite.runChild(Suite.java:27)
	at org.junit.runners.ParentRunner$3.run(ParentRunner.java:290)
	at org.junit.runners.ParentRunner$1.schedule(ParentRunner.java:71)
	at org.junit.runners.ParentRunner.runChildren(ParentRunner.java:288)
	at org.junit.runners.ParentRunner.access$000(ParentRunner.java:58)
	at org.junit.runners.ParentRunner$2.evaluate(ParentRunner.java:268)
	at org.junit.runners.ParentRunner.run(ParentRunner.java:363)
	at org.junit.runner.JUnitCore.run(JUnitCore.java:137)
	at org.junit.runner.JUnitCore.run(JUnitCore.java:115)
	at android.support.test.internal.runner.TestExecutor.execute(TestExecutor.java:58)
	at android.support.test.runner.AndroidJUnitRunner.onStart(AndroidJUnitRunner.java:375)
	at android.app.Instrumentation$InstrumentationThread.run(Instrumentation.java:1932))
TestEnded(id=TestIdentifier(className=com.example.MainActivityFlakyTest, testName=testTextFlaky), metrics={})
TestStarted(id=TestIdentifier(className=com.example.MainActivityFlakyTest, testName=testTextFlaky1))
TestFailed(id=TestIdentifier(className=com.example.MainActivityFlakyTest, testName=testTextFlaky1), stackTrace=java.lang.AssertionError
	at org.junit.Assert.fail(Assert.java:86)
	at org.junit.Assert.assertTrue(Assert.java:41)
	at org.junit.Assert.assertTrue(Assert.java:52)
	at com.example.MainActivityFlakyTest.testTextFlaky1(MainActivityFlakyTest.kt:39)
	at java.lang.reflect.Method.invoke(Native Method)
	at org.junit.runners.model.FrameworkMethod$1.runReflectiveCall(FrameworkMethod.java:50)
	at org.junit.internal.runners.model.ReflectiveCallable.run(ReflectiveCallable.java:12)
	at org.junit.runners.model.FrameworkMethod.invokeExplosively(FrameworkMethod.java:47)
	at org.junit.internal.runners.statements.InvokeMethod.evaluate(InvokeMethod.java:17)
	at android.support.test.rule.ActivityTestRule$ActivityStatement.evaluate(ActivityTestRule.java:433)
	at org.junit.rules.RunRules.evaluate(RunRules.java:20)
	at org.junit.runners.ParentRunner.runLeaf(ParentRunner.java:325)
	at org.junit.runners.BlockJUnit4ClassRunner.runChild(BlockJUnit4ClassRunner.java:78)
	at org.junit.runners.BlockJUnit4ClassRunner.runChild(BlockJUnit4ClassRunner.java:57)
	at org.junit.runners.ParentRunner$3.run(ParentRunner.java:290)
	at org.junit.runners.ParentRunner$1.schedule(ParentRunner.java:71)
	at org.junit.runners.ParentRunner.runChildren(ParentRunner.java:288)
	at org.junit.runners.ParentRunner.access$000(ParentRunner.java:58)
	at org.junit.runners.ParentRunner$2.evaluate(ParentRunner.java:268)
	at org.junit.runners.ParentRunner.run(ParentRunner.java:363)
	at org.junit.runners.Suite.runChild(Suite.java:128)
	at org.junit.runners.Suite.runChild(Suite.java:27)
	at org.junit.runners.ParentRunner$3.run(ParentRunner.java:290)
	at org.junit.runners.ParentRunner$1.schedule(ParentRunner.java:71)
	at org.junit.runners.ParentRunner.runChildren(ParentRunner.java:288)
	at org.junit.runners.ParentRunner.access$000(ParentRunner.java:58)
	at org.junit.runners.ParentRunner$2.evaluate(ParentRunner.java:268)
	at org.junit.runners.ParentRunner.run(ParentRunner.java:363)
	at org.junit.runner.JUnitCore.run(JUnitCore.java:137)
	at org.junit.runner.JUnitCore.run(JUnitCore.java:115)
	at android.support.test.internal.runner.TestExecutor.execute(TestExecutor.java:58)
	at android.support.test.runner.AndroidJUnitRunner.onStart(AndroidJUnitRunner.java:375)
	at android.app.Instrumentation$InstrumentationThread.run(Instrumentation.java:1932))
TestEnded(id=TestIdentifier(className=com.example.MainActivityFlakyTest, testName=testTextFlaky1), metrics={})
TestStarted(id=TestIdentifier(className=com.example.MainActivityFlakyTest, testName=testTextFlaky2))
TestFailed(id=TestIdentifier(className=com.example.MainActivityFlakyTest, testName=testTextFlaky2), stackTrace=java.lang.AssertionError
	at org.junit.Assert.fail(Assert.java:86)
	at org.junit.Assert.assertTrue(Assert.java:41)
	at org.junit.Assert.assertTrue(Assert.java:52)
	at com.example.MainActivityFlakyTest.testTextFlaky2(MainActivityFlakyTest.kt:45)
	at java.lang.reflect.Method.invoke(Native Method)
	at org.junit.runners.model.FrameworkMethod$1.runReflectiveCall(FrameworkMethod.java:50)
	at org.junit.internal.runners.model.ReflectiveCallable.run(ReflectiveCallable.java:12)
	at org.junit.runners.model.FrameworkMethod.invokeExplosively(FrameworkMethod.java:47)
	at org.junit.internal.runners.statements.InvokeMethod.evaluate(InvokeMethod.java:17)
	at android.support.test.rule.ActivityTestRule$ActivityStatement.evaluate(ActivityTestRule.java:433)
	at org.junit.rules.RunRules.evaluate(RunRules.java:20)
	at org.junit.runners.ParentRunner.runLeaf(ParentRunner.java:325)
	at org.junit.runners.BlockJUnit4ClassRunner.runChild(BlockJUnit4ClassRunner.java:78)
	at org.junit.runners.BlockJUnit4ClassRunner.runChild(BlockJUnit4ClassRunner.java:57)
	at org.junit.runners.ParentRunner$3.run(ParentRunner.java:290)
	at org.junit.runners.ParentRunner$1.schedule(ParentRunner.java:71)
	at org.junit.runners.ParentRunner.runChildren(ParentRunner.java:288)
	at org.junit.runners.ParentRunner.access$000(ParentRunner.java:58)
	at org.junit.runners.ParentRunner$2.evaluate(ParentRunner.java:268)
	at org.junit.runners.ParentRunner.run(ParentRunner.java:363)
	at org.junit.runners.Suite.runChild(Suite.java:128)
	at org.junit.runners.Suite.runChild(Suite.java:27)
	at org.junit.runners.ParentRunner$3.run(ParentRunner.java:290)
	at org.junit.runners.ParentRunner$1.schedule(ParentRunner.java:71)
	at org.junit.runners.ParentRunner.runChildren(ParentRunner.java:288)
	at org.junit.runners.ParentRunner.access$000(ParentRunner.java:58)
	at org.junit.runners.ParentRunner$2.evaluate(ParentRunner.java:268)
	at org.junit.runners.ParentRunner.run(ParentRunner.java:363)
	at org.junit.runner.JUnitCore.run(JUnitCore.java:137)
	at org.junit.runner.JUnitCore.run(JUnitCore.java:115)
	at android.support.test.internal.runner.TestExecutor.execute(TestExecutor.java:58)
	at android.support.test.runner.AndroidJUnitRunner.onStart(AndroidJUnitRunner.java:375)
	at android.app.Instrumentation$InstrumentationThread.run(Instrumentation.java:1932))
TestEnded(id=TestIdentifier(className=com.example.MainActivityFlakyTest, testName=testTextFlaky2), metrics={})
TestStarted(id=TestIdentifier(className=com.example.MainActivityFlakyTest, testName=testTextFlaky3))
TestEnded(id=TestIdentifier(className=com.example.MainActivityFlakyTest, testName=testTextFlaky3), metrics={})
TestStarted(id=TestIdentifier(className=com.example.MainActivityFlakyTest, testName=testTextFlaky4))
TestFailed(id=TestIdentifier(className=com.example.MainActivityFlakyTest, testName=testTextFlaky4), stackTrace=java.lang.AssertionError
	at org.junit.Assert.fail(Assert.java:86)
	at org.junit.Assert.assertTrue(Assert.java:41)
	at org.junit.Assert.assertTrue(Assert.java:52)
	at com.example.MainActivityFlakyTest.testTextFlaky4(MainActivityFlakyTest.kt:57)
	at java.lang.reflect.Method.invoke(Native Method)
	at org.junit.runners.model.FrameworkMethod$1.runReflectiveCall(FrameworkMethod.java:50)
	at org.junit.internal.runners.model.ReflectiveCallable.run(ReflectiveCallable.java:12)
	at org.junit.runners.model.FrameworkMethod.invokeExplosively(FrameworkMethod.java:47)
	at org.junit.internal.runners.statements.InvokeMethod.evaluate(InvokeMethod.java:17)
	at android.support.test.rule.ActivityTestRule$ActivityStatement.evaluate(ActivityTestRule.java:433)
	at org.junit.rules.RunRules.evaluate(RunRules.java:20)
	at org.junit.runners.ParentRunner.runLeaf(ParentRunner.java:325)
	at org.junit.runners.BlockJUnit4ClassRunner.runChild(BlockJUnit4ClassRunner.java:78)
	at org.junit.runners.BlockJUnit4ClassRunner.runChild(BlockJUnit4ClassRunner.java:57)
	at org.junit.runners.ParentRunner$3.run(ParentRunner.java:290)
	at org.junit.runners.ParentRunner$1.schedule(ParentRunner.java:71)
	at org.junit.runners.ParentRunner.runChildren(ParentRunner.java:288)
	at org.junit.runners.ParentRunner.access$000(ParentRunner.java:58)
	at org.junit.runners.ParentRunner$2.evaluate(ParentRunner.java:268)
	at org.junit.runners.ParentRunner.run(ParentRunner.java:363)
	at org.junit.runners.Suite.runChild(Suite.java:128)
	at org.junit.runners.Suite.runChild(Suite.java:27)
	at org.junit.runners.ParentRunner$3.run(ParentRunner.java:290)
	at org.junit.runners.ParentRunner$1.schedule(ParentRunner.java:71)
	at org.junit.runners.ParentRunner.runChildren(ParentRunner.java:288)
	at org.junit.runners.ParentRunner.access$000(ParentRunner.java:58)
	at org.junit.runners.ParentRunner$2.evaluate(ParentRunner.java:268)
	at org.junit.runners.ParentRunner.run(ParentRunner.java:363)
	at org.junit.runner.JUnitCore.run(JUnitCore.java:137)
	at org.junit.runner.JUnitCore.run(JUnitCore.java:115)
	at android.support.test.internal.runner.TestExecutor.execute(TestExecutor.java:58)
	at android.support.test.runner.AndroidJUnitRunner.onStart(AndroidJUnitRunner.java:375)
	at android.app.Instrumentation$InstrumentationThread.run(Instrumentation.java:1932))
TestEnded(id=TestIdentifier(className=com.example.MainActivityFlakyTest, testName=testTextFlaky4), metrics={})
TestStarted(id=TestIdentifier(className=com.example.MainActivityFlakyTest, testName=testTextFlaky5))
TestEnded(id=TestIdentifier(className=com.example.MainActivityFlakyTest, testName=testTextFlaky5), metrics={})
TestStarted(id=TestIdentifier(className=com.example.MainActivityFlakyTest, testName=testTextFlaky6))
TestFailed(id=TestIdentifier(className=com.example.MainActivityFlakyTest, testName=testTextFlaky6), stackTrace=java.lang.AssertionError
	at org.junit.Assert.fail(Assert.java:86)
	at org.junit.Assert.assertTrue(Assert.java:41)
	at org.junit.Assert.assertTrue(Assert.java:52)
	at com.example.MainActivityFlakyTest.testTextFlaky6(MainActivityFlakyTest.kt:69)
	at java.lang.reflect.Method.invoke(Native Method)
	at org.junit.runners.model.FrameworkMethod$1.runReflectiveCall(FrameworkMethod.java:50)
	at org.junit.internal.runners.model.ReflectiveCallable.run(ReflectiveCallable.java:12)
	at org.junit.runners.model.FrameworkMethod.invokeExplosively(FrameworkMethod.java:47)
	at org.junit.internal.runners.statements.InvokeMethod.evaluate(InvokeMethod.java:17)
	at android.support.test.rule.ActivityTestRule$ActivityStatement.evaluate(ActivityTestRule.java:433)
	at org.junit.rules.RunRules.evaluate(RunRules.java:20)
	at org.junit.runners.ParentRunner.runLeaf(ParentRunner.java:325)
	at org.junit.runners.BlockJUnit4ClassRunner.runChild(BlockJUnit4ClassRunner.java:78)
	at org.junit.runners.BlockJUnit4ClassRunner.runChild(BlockJUnit4ClassRunner.java:57)
	at org.junit.runners.ParentRunner$3.run(ParentRunner.java:290)
	at org.junit.runners.ParentRunner$1.schedule(ParentRunner.java:71)
	at org.junit.runners.ParentRunner.runChildren(ParentRunner.java:288)
	at org.junit.runners.ParentRunner.access$000(ParentRunner.java:58)
	at org.junit.runners.ParentRunner$2.evaluate(ParentRunner.java:268)
	at org.junit.runners.ParentRunner.run(ParentRunner.java:363)
	at org.junit.runners.Suite.runChild(Suite.java:128)
	at org.junit.runners.Suite.runChild(Suite.java:27)
	at org.junit.runners.ParentRunner$3.run(ParentRunner.java:290)
	at org.junit.runners.ParentRunner$1.schedule(ParentRunner.java:71)
	at org.junit.runners.ParentRunner.runChildren(ParentRunner.java:288)
	at org.junit.runners.ParentRunner.access$000(ParentRunner.java:58)
	at org.junit.runners.ParentRunner$2.evaluate(ParentRunner.java:268)
	at org.junit.runners.ParentRunner.run(ParentRunner.java:363)
	at org.junit.runner.JUnitCore.run(JUnitCore.java:137)
	at org.junit.runner.JUnitCore.run(JUnitCore.java:115)
	at android.support.test.internal.runner.TestExecutor.execute(TestExecutor.java:58)
	at android.support.test.runner.AndroidJUnitRunner.onStart(AndroidJUnitRunner.java:375)
	at android.app.Instrumentation$InstrumentationThread.run(Instrumentation.java:1932))
TestEnded(id=TestIdentifier(className=com.example.MainActivityFlakyTest, testName=testTextFlaky6), metrics={})
TestStarted(id=TestIdentifier(className=com.example.MainActivityFlakyTest, testName=testTextFlaky7))
TestEnded(id=TestIdentifier(className=com.example.MainActivityFlakyTest, testName=testTextFlaky7), metrics={})
TestStarted(id=TestIdentifier(className=com.example.MainActivityFlakyTest, testName=testTextFlaky8))
TestFailed(id=TestIdentifier(className=com.example.MainActivityFlakyTest, testName=testTextFlaky8), stackTrace=java.lang.AssertionError
	at org.junit.Assert.fail(Assert.java:86)
	at org.junit.Assert.assertTrue(Assert.java:41)
	at org.junit.Assert.assertTrue(Assert.java:52)
	at com.example.MainActivityFlakyTest.testTextFlaky8(MainActivityFlakyTest.kt:81)
	at java.lang.reflect.Method.invoke(Native Method)
	at org.junit.runners.model.FrameworkMethod$1.runReflectiveCall(FrameworkMethod.java:50)
	at org.junit.internal.runners.model.ReflectiveCallable.run(ReflectiveCallable.java:12)
	at org.junit.runners.model.FrameworkMethod.invokeExplosively(FrameworkMethod.java:47)
	at org.junit.internal.runners.statements.InvokeMethod.evaluate(InvokeMethod.java:17)
	at android.support.test.rule.ActivityTestRule$ActivityStatement.evaluate(ActivityTestRule.java:433)
	at org.junit.rules.RunRules.evaluate(RunRules.java:20)
	at org.junit.runners.ParentRunner.runLeaf(ParentRunner.java:325)
	at org.junit.runners.BlockJUnit4ClassRunner.runChild(BlockJUnit4ClassRunner.java:78)
	at org.junit.runners.BlockJUnit4ClassRunner.runChild(BlockJUnit4ClassRunner.java:57)
	at org.junit.runners.ParentRunner$3.run(ParentRunner.java:290)
	at org.junit.runners.ParentRunner$1.schedule(ParentRunner.java:71)
	at org.junit.runners.ParentRunner.runChildren(ParentRunner.java:288)
	at org.junit.runners.ParentRunner.access$000(ParentRunner.java:58)
	at org.junit.runners.ParentRunner$2.evaluate(ParentRunner.java:268)
	at org.junit.runners.ParentRunner.run(ParentRunner.java:363)
	at org.junit.runners.Suite.runChild(Suite.java:128)
	at org.junit.runners.Suite.runChild(Suite.java:27)
	at org.junit.runners.ParentRunner$3.run(ParentRunner.java:290)
	at org.junit.runners.ParentRunner$1.schedule(ParentRunner.java:71)
	at org.junit.runners.ParentRunner.runChildren(ParentRunner.java:288)
	at org.junit.runners.ParentRunner.access$000(ParentRunner.java:58)
	at org.junit.runners.ParentRunner$2.evaluate(ParentRunner.java:268)
	at org.junit.runners.ParentRunner.run(ParentRunner.java:363)
	at org.junit.runner.JUnitCore.run(JUnitCore.java:137)
	at org.junit.runner.JUnitCore.run(JUnitCore.java:115)
	at android.support.test.internal.runner.TestExecutor.execute(TestExecutor.java:58)
	at android.support.test.runner.AndroidJUnitRunner.onStart(AndroidJUnitRunner.java:375)
	at android.app.Instrumentation$InstrumentationThread.run(Instrumentation.java:1932))
TestEnded(id=TestIdentifier(className=com.example.MainActivityFlakyTest, testName=testTextFlaky8), metrics={})
TestStarted(id=TestIdentifier(className=com.example.MainActivitySlowTest, testName=testTextSlow1))
TestEnded(id=TestIdentifier(className=com.example.MainActivitySlowTest, testName=testTextSlow1), metrics={})
TestStarted(id=TestIdentifier(className=com.example.MainActivitySlowTest, testName=testTextSlow2))
TestEnded(id=TestIdentifier(className=com.example.MainActivitySlowTest, testName=testTextSlow2), metrics={})
TestStarted(id=TestIdentifier(className=com.example.MainActivitySlowTest, testName=testTextSlow3))
TestEnded(id=TestIdentifier(className=com.example.MainActivitySlowTest, testName=testTextSlow3), metrics={})
TestStarted(id=TestIdentifier(className=com.example.MainActivitySlowTest, testName=testTextSlow4))
TestEnded(id=TestIdentifier(className=com.example.MainActivitySlowTest, testName=testTextSlow4), metrics={})
TestStarted(id=TestIdentifier(className=com.example.MainActivitySlowTest, testName=testTextSlow))
TestEnded(id=TestIdentifier(className=com.example.MainActivitySlowTest, testName=testTextSlow), metrics={})
TestStarted(id=TestIdentifier(className=com.example.MainActivityTest, testName=testText1))
TestEnded(id=TestIdentifier(className=com.example.MainActivityTest, testName=testText1), metrics={})
TestStarted(id=TestIdentifier(className=com.example.MainActivityTest, testName=testText2))
TestEnded(id=TestIdentifier(className=com.example.MainActivityTest, testName=testText2), metrics={})
TestStarted(id=TestIdentifier(className=com.example.MainActivityTest, testName=testText3))
TestEnded(id=TestIdentifier(className=com.example.MainActivityTest, testName=testText3), metrics={})
TestStarted(id=TestIdentifier(className=com.example.MainActivityTest, testName=testText4))
TestEnded(id=TestIdentifier(className=com.example.MainActivityTest, testName=testText4), metrics={})
TestStarted(id=TestIdentifier(className=com.example.MainActivityTest, testName=testText5))
TestEnded(id=TestIdentifier(className=com.example.MainActivityTest, testName=testText5), metrics={})
TestStarted(id=TestIdentifier(className=com.example.MainActivityTest, testName=testText6))
TestEnded(id=TestIdentifier(className=com.example.MainActivityTest, testName=testText6), metrics={})
TestStarted(id=TestIdentifier(className=com.example.MainActivityTest, testName=testText7))
TestEnded(id=TestIdentifier(className=com.example.MainActivityTest, testName=testText7), metrics={})
TestStarted(id=TestIdentifier(className=com.example.MainActivityTest, testName=testText8))
TestEnded(id=TestIdentifier(className=com.example.MainActivityTest, testName=testText8), metrics={})
TestStarted(id=TestIdentifier(className=com.example.MainActivityTest, testName=testText9))
TestEnded(id=TestIdentifier(className=com.example.MainActivityTest, testName=testText9), metrics={})
TestStarted(id=TestIdentifier(className=com.example.MainActivityTest, testName=testText))
TestEnded(id=TestIdentifier(className=com.example.MainActivityTest, testName=testText), metrics={})
TestStarted(id=TestIdentifier(className=com.example.ParameterizedTest, testName=test[0]))
TestEnded(id=TestIdentifier(className=com.example.ParameterizedTest, testName=test[0]), metrics={})
TestStarted(id=TestIdentifier(className=com.example.ParameterizedTest, testName=test[1]))
TestEnded(id=TestIdentifier(className=com.example.ParameterizedTest, testName=test[1]), metrics={})
TestStarted(id=TestIdentifier(className=com.example.ParameterizedTest, testName=test[2]))
TestEnded(id=TestIdentifier(className=com.example.ParameterizedTest, testName=test[2]), metrics={})
TestStarted(id=TestIdentifier(className=com.example.ParameterizedTest, testName=test[3]))
TestEnded(id=TestIdentifier(className=com.example.ParameterizedTest, testName=test[3]), metrics={})
TestStarted(id=TestIdentifier(className=com.example.ParameterizedTest, testName=test[4]))
TestEnded(id=TestIdentifier(className=com.example.ParameterizedTest, testName=test[4]), metrics={})
TestStarted(id=TestIdentifier(className=com.example.ParameterizedTest, testName=test[5]))
TestEnded(id=TestIdentifier(className=com.example.ParameterizedTest, testName=test[5]), metrics={})
TestStarted(id=TestIdentifier(className=com.example.ParameterizedTest, testName=test[6]))
TestEnded(id=TestIdentifier(className=com.example.ParameterizedTest, testName=test[6]), metrics={})
TestStarted(id=TestIdentifier(className=com.example.TestWithWrongName, testName=testAlwaysFailing))
TestFailed(id=TestIdentifier(className=com.example.TestWithWrongName, testName=testAlwaysFailing), stackTrace=java.lang.AssertionError
	at org.junit.Assert.fail(Assert.java:86)
	at org.junit.Assert.assertTrue(Assert.java:41)
	at org.junit.Assert.assertTrue(Assert.java:52)
	at com.example.TestWithWrongName.testAlwaysFailing(TestWithWrongName.kt:22)
	at java.lang.reflect.Method.invoke(Native Method)
	at org.junit.runners.model.FrameworkMethod$1.runReflectiveCall(FrameworkMethod.java:50)
	at org.junit.internal.runners.model.ReflectiveCallable.run(ReflectiveCallable.java:12)
	at org.junit.runners.model.FrameworkMethod.invokeExplosively(FrameworkMethod.java:47)
	at org.junit.internal.runners.statements.InvokeMethod.evaluate(InvokeMethod.java:17)
	at android.support.test.rule.ActivityTestRule$ActivityStatement.evaluate(ActivityTestRule.java:433)
	at org.junit.rules.RunRules.evaluate(RunRules.java:20)
	at org.junit.runners.ParentRunner.runLeaf(ParentRunner.java:325)
	at org.junit.runners.BlockJUnit4ClassRunner.runChild(BlockJUnit4ClassRunner.java:78)
	at org.junit.runners.BlockJUnit4ClassRunner.runChild(BlockJUnit4ClassRunner.java:57)
	at org.junit.runners.ParentRunner$3.run(ParentRunner.java:290)
	at org.junit.runners.ParentRunner$1.schedule(ParentRunner.java:71)
	at org.junit.runners.ParentRunner.runChildren(ParentRunner.java:288)
	at org.junit.runners.ParentRunner.access$000(ParentRunner.java:58)
	at org.junit.runners.ParentRunner$2.evaluate(ParentRunner.java:268)
	at org.junit.runners.ParentRunner.run(ParentRunner.java:363)
	at org.junit.runners.Suite.runChild(Suite.java:128)
	at org.junit.runners.Suite.runChild(Suite.java:27)
	at org.junit.runners.ParentRunner$3.run(ParentRunner.java:290)
	at org.junit.runners.ParentRunner$1.schedule(ParentRunner.java:71)
	at org.junit.runners.ParentRunner.runChildren(ParentRunner.java:288)
	at org.junit.runners.ParentRunner.access$000(ParentRunner.java:58)
	at org.junit.runners.ParentRunner$2.evaluate(ParentRunner.java:268)
	at org.junit.runners.ParentRunner.run(ParentRunner.java:363)
	at org.junit.runner.JUnitCore.run(JUnitCore.java:137)
	at org.junit.runner.JUnitCore.run(JUnitCore.java:115)
	at android.support.test.internal.runner.TestExecutor.execute(TestExecutor.java:58)
	at android.support.test.runner.AndroidJUnitRunner.onStart(AndroidJUnitRunner.java:375)
	at android.app.Instrumentation$InstrumentationThread.run(Instrumentation.java:1932))
TestEnded(id=TestIdentifier(className=com.example.TestWithWrongName, testName=testAlwaysFailing), metrics={})
TestRunEnded(elapsedTimeMillis=0, metrics={})