TestRunStartedEvent(testCount=9)
TestStarted(id=TestIdentifier(className=com.example.MainActivityFlakyTest, testName=testTextFlaky))
TestEnded(id=TestIdentifier(className=com.example.MainActivityFlakyTest, testName=testTextFlaky), metrics={})
TestStarted(id=TestIdentifier(className=com.example.MainActivityFlakyTest, testName=testTextFlaky1))
TestEnded(id=TestIdentifier(className=com.example.MainActivityFlakyTest, testName=testTextFlaky1), metrics={})
TestStarted(id=TestIdentifier(className=com.example.MainActivityFlakyTest, testName=testTextFlaky2))
TestEnded(id=TestIdentifier(className=com.example.MainActivityFlakyTest, testName=testTextFlaky2), metrics={})
TestStarted(id=TestIdentifier(className=com.example.MainActivityFlakyTest, testName=testTextFlaky3))
TestEnded(id=TestIdentifier(className=com.example.MainActivityFlakyTest, testName=testTextFlaky3), metrics={})
TestStarted(id=TestIdentifier(className=com.example.MainActivityFlakyTest, testName=testTextFlaky4))
TestFailed(id=TestIdentifier(className=com.example.MainActivityFlakyTest, testName=testTextFlaky4), stackTrace=java.lang.AssertionError
	at org.junit.Assert.fail(Assert.java:86)
	at org.junit.Assert.assertTrue(Assert.java:41)
	at org.junit.Assert.assertTrue(Assert.java:52)
	at com.example.MainActivityFlakyTest.testTextFlaky4(MainActivityFlakyTest.kt:57)
	at java.lang.reflect.Method.invoke(Native Method)
	at org.junit.runners.model.FrameworkMethod$1.runReflectiveCall(FrameworkMethod.java:50)
	at org.junit.internal.runners.model.ReflectiveCallable.run(ReflectiveCallable.java:12)
	at org.junit.runners.model.FrameworkMethod.invokeExplosively(FrameworkMethod.java:47)
	at org.junit.internal.runners.statements.InvokeMethod.evaluate(InvokeMethod.java:17)
	at android.support.test.rule.ActivityTestRule$ActivityStatement.evaluate(ActivityTestRule.java:433)
	at org.junit.rules.RunRules.evaluate(RunRules.java:20)
	at org.junit.runners.ParentRunner.runLeaf(ParentRunner.java:325)
	at org.junit.runners.BlockJUnit4ClassRunner.runChild(BlockJUnit4ClassRunner.java:78)
	at org.junit.runners.BlockJUnit4ClassRunner.runChild(BlockJUnit4ClassRunner.java:57)
	at org.junit.runners.ParentRunner$3.run(ParentRunner.java:290)
	at org.junit.runners.ParentRunner$1.schedule(ParentRunner.java:71)
	at org.junit.runners.ParentRunner.runChildren(ParentRunner.java:288)
	at org.junit.runners.ParentRunner.access$000(ParentRunner.java:58)
	at org.junit.runners.ParentRunner$2.evaluate(ParentRunner.java:268)
	at org.junit.runners.ParentRunner.run(ParentRunner.java:363)
	at org.junit.runners.Suite.runChild(Suite.java:128)
	at org.junit.runners.Suite.runChild(Suite.java:27)
	at org.junit.runners.ParentRunner$3.run(ParentRunner.java:290)
	at org.junit.runners.ParentRunner$1.schedule(ParentRunner.java:71)
	at org.junit.runners.ParentRunner.runChildren(ParentRunner.java:288)
	at org.junit.runners.ParentRunner.access$000(ParentRunner.java:58)
	at org.junit.runners.ParentRunner$2.evaluate(ParentRunner.java:268)
	at org.junit.runners.ParentRunner.run(ParentRunner.java:363)
	at org.junit.runner.JUnitCore.run(JUnitCore.java:137)
	at org.junit.runner.JUnitCore.run(JUnitCore.java:115)
	at android.support.test.internal.runner.TestExecutor.execute(TestExecutor.java:58)
	at android.support.test.runner.AndroidJUnitRunner.onStart(AndroidJUnitRunner.java:375)
	at android.app.Instrumentation$InstrumentationThread.run(Instrumentation.java:1932))
TestEnded(id=TestIdentifier(className=com.example.MainActivityFlakyTest, testName=testTextFlaky4), metrics={})
TestStarted(id=TestIdentifier(className=com.example.MainActivityFlakyTest, testName=testTextFlaky5))
TestEnded(id=TestIdentifier(className=com.example.MainActivityFlakyTest, testName=testTextFlaky5), metrics={})
TestStarted(id=TestIdentifier(className=com.example.MainActivityFlakyTest, testName=testTextFlaky6))
TestFailed(id=TestIdentifier(className=com.example.MainActivityFlakyTest, testName=testTextFlaky6), stackTrace=java.lang.AssertionError
	at org.junit.Assert.fail(Assert.java:86)
	at org.junit.Assert.assertTrue(Assert.java:41)
	at org.junit.Assert.assertTrue(Assert.java:52)
	at com.example.MainActivityFlakyTest.testTextFlaky6(MainActivityFlakyTest.kt:69)
	at java.lang.reflect.Method.invoke(Native Method)
	at org.junit.runners.model.FrameworkMethod$1.runReflectiveCall(FrameworkMethod.java:50)
	at org.junit.internal.runners.model.ReflectiveCallable.run(ReflectiveCallable.java:12)
	at org.junit.runners.model.FrameworkMethod.invokeExplosively(FrameworkMethod.java:47)
	at org.junit.internal.runners.statements.InvokeMethod.evaluate(InvokeMethod.java:17)
	at android.support.test.rule.ActivityTestRule$ActivityStatement.evaluate(ActivityTestRule.java:433)
	at org.junit.rules.RunRules.evaluate(RunRules.java:20)
	at org.junit.runners.ParentRunner.runLeaf(ParentRunner.java:325)
	at org.junit.runners.BlockJUnit4ClassRunner.runChild(BlockJUnit4ClassRunner.java:78)
	at org.junit.runners.BlockJUnit4ClassRunner.runChild(BlockJUnit4ClassRunner.java:57)
	at org.junit.runners.ParentRunner$3.run(ParentRunner.java:290)
	at org.junit.runners.ParentRunner$1.schedule(ParentRunner.java:71)
	at org.junit.runners.ParentRunner.runChildren(ParentRunner.java:288)
	at org.junit.runners.ParentRunner.access$000(ParentRunner.java:58)
	at org.junit.runners.ParentRunner$2.evaluate(ParentRunner.java:268)
	at org.junit.runners.ParentRunner.run(ParentRunner.java:363)
	at org.junit.runners.Suite.runChild(Suite.java:128)
	at org.junit.runners.Suite.runChild(Suite.java:27)
	at org.junit.runners.ParentRunner$3.run(ParentRunner.java:290)
	at org.junit.runners.ParentRunner$1.schedule(ParentRunner.java:71)
	at org.junit.runners.ParentRunner.runChildren(ParentRunner.java:288)
	at org.junit.runners.ParentRunner.access$000(ParentRunner.java:58)
	at org.junit.runners.ParentRunner$2.evaluate(ParentRunner.java:268)
	at org.junit.runners.ParentRunner.run(ParentRunner.java:363)
	at org.junit.runner.JUnitCore.run(JUnitCore.java:137)
	at org.junit.runner.JUnitCore.run(JUnitCore.java:115)
	at android.support.test.internal.runner.TestExecutor.execute(TestExecutor.java:58)
	at android.support.test.runner.AndroidJUnitRunner.onStart(AndroidJUnitRunner.java:375)
	at android.app.Instrumentation$InstrumentationThread.run(Instrumentation.java:1932))
TestEnded(id=TestIdentifier(className=com.example.MainActivityFlakyTest, testName=testTextFlaky6), metrics={})
TestStarted(id=TestIdentifier(className=com.example.MainActivityFlakyTest, testName=testTextFlaky7))
TestFailed(id=TestIdentifier(className=com.example.MainActivityFlakyTest, testName=testTextFlaky7), stackTrace=java.lang.AssertionError
	at org.junit.Assert.fail(Assert.java:86)
	at org.junit.Assert.assertTrue(Assert.java:41)
	at org.junit.Assert.assertTrue(Assert.java:52)
	at com.example.MainActivityFlakyTest.testTextFlaky7(MainActivityFlakyTest.kt:75)
	at java.lang.reflect.Method.invoke(Native Method)
	at org.junit.runners.model.FrameworkMethod$1.runReflectiveCall(FrameworkMethod.java:50)
	at org.junit.internal.runners.model.ReflectiveCallable.run(ReflectiveCallable.java:12)
	at org.junit.runners.model.FrameworkMethod.invokeExplosively(FrameworkMethod.java:47)
	at org.junit.internal.runners.statements.InvokeMethod.evaluate(InvokeMethod.java:17)
	at android.support.test.rule.ActivityTestRule$ActivityStatement.evaluate(ActivityTestRule.java:433)
	at org.junit.rules.RunRules.evaluate(RunRules.java:20)
	at org.junit.runners.ParentRunner.runLeaf(ParentRunner.java:325)
	at org.junit.runners.BlockJUnit4ClassRunner.runChild(BlockJUnit4ClassRunner.java:78)
	at org.junit.runners.BlockJUnit4ClassRunner.runChild(BlockJUnit4ClassRunner.java:57)
	at org.junit.runners.ParentRunner$3.run(ParentRunner.java:290)
	at org.junit.runners.ParentRunner$1.schedule(ParentRunner.java:71)
	at org.junit.runners.ParentRunner.runChildren(ParentRunner.java:288)
	at org.junit.runners.ParentRunner.access$000(ParentRunner.java:58)
	at org.junit.runners.ParentRunner$2.evaluate(ParentRunner.java:268)
	at org.junit.runners.ParentRunner.run(ParentRunner.java:363)
	at org.junit.runners.Suite.runChild(Suite.java:128)
	at org.junit.runners.Suite.runChild(Suite.java:27)
	at org.junit.runners.ParentRunner$3.run(ParentRunner.java:290)
	at org.junit.runners.ParentRunner$1.schedule(ParentRunner.java:71)
	at org.junit.runners.ParentRunner.runChildren(ParentRunner.java:288)
	at org.junit.runners.ParentRunner.access$000(ParentRunner.java:58)
	at org.junit.runners.ParentRunner$2.evaluate(ParentRunner.java:268)
	at org.junit.runners.ParentRunner.run(ParentRunner.java:363)
	at org.junit.runner.JUnitCore.run(JUnitCore.java:137)
	at org.junit.runner.JUnitCore.run(JUnitCore.java:115)
	at android.support.test.internal.runner.TestExecutor.execute(TestExecutor.java:58)
	at android.support.test.runner.AndroidJUnitRunner.onStart(AndroidJUnitRunner.java:375)
	at android.app.Instrumentation$InstrumentationThread.run(Instrumentation.java:1932))
TestEnded(id=TestIdentifier(className=com.example.MainActivityFlakyTest, testName=testTextFlaky7), metrics={})
TestStarted(id=TestIdentifier(className=com.example.MainActivityFlakyTest, testName=testTextFlaky8))
TestEnded(id=TestIdentifier(className=com.example.MainActivityFlakyTest, testName=testTextFlaky8), metrics={})
TestRunEnded(elapsedTimeMillis=5832, metrics={})